.next/dev/types/validator.ts(607,31): error TS2344: Type 'typeof import("D:/uni/Sem 5/SW project/Payroll-Subsystem/frontend/src/app/layout")' does not satisfy the constraint 'LayoutConfig<"/">'.
  Types of property 'default' are incompatible.
    Type '({ children, sidebar, }: Readonly<{ children: ReactNode; sidebar: ReactNode; }>) => Element' is not assignable to type 'ComponentType<LayoutProps<"/">> | ((props: LayoutProps<"/">) => void | ReactNode | Promise<ReactNode> | Promise<...>)'.
      Type '({ children, sidebar, }: Readonly<{ children: ReactNode; sidebar: ReactNode; }>) => Element' is not assignable to type 'FunctionComponent<LayoutProps<"/">>'.
        Types of parameters '__0' and 'props' are incompatible.
          Property 'sidebar' is missing in type 'LayoutProps<"/">' but required in type 'Readonly<{ children: ReactNode; sidebar: ReactNode; }>'.
src/app/payroll-execution/approval/[cycleID]/page.tsx(8,10): error TS2305: Module '"@/types/payroll-execution"' has no exported member 'UserRole'.
src/app/payroll-execution/approval/[cycleID]/page.tsx(15,24): error TS1149: File name 'D:/uni/Sem 5/SW project/Payroll-Subsystem/frontend/src/components/ui/Button.tsx' differs from already included file name 'D:/uni/Sem 5/SW project/Payroll-Subsystem/frontend/src/components/ui/button.tsx' only in casing.
  The file is in the program because:
    Imported via "@/components/ui/button" from file 'D:/uni/Sem 5/SW project/Payroll-Subsystem/frontend/src/components/layout/app-shell.tsx'
    Imported via "@/components/ui/button" from file 'D:/uni/Sem 5/SW project/Payroll-Subsystem/frontend/src/app/admin/employees/page.tsx'
    Imported via '@/components/ui/button' from file 'D:/uni/Sem 5/SW project/Payroll-Subsystem/frontend/src/app/admin/employees/[id]/page.tsx'
    Imported via "./button" from file 'D:/uni/Sem 5/SW project/Payroll-Subsystem/frontend/src/components/ui/file-upload.tsx'
    Imported via "@/components/ui/button" from file 'D:/uni/Sem 5/SW project/Payroll-Subsystem/frontend/src/components/org-chart/org-tree.tsx'
    Imported via "@/components/ui/button" from file 'D:/uni/Sem 5/SW project/Payroll-Subsystem/frontend/src/app/admin/org-structure/page.tsx'
    Imported via "@/components/ui/button" from file 'D:/uni/Sem 5/SW project/Payroll-Subsystem/frontend/src/app/admin/requests/page.tsx'
    Imported via "@/components/ui/button" from file 'D:/uni/Sem 5/SW project/Payroll-Subsystem/frontend/src/app/login/page 2.tsx'
    Imported via "@/components/ui/button" from file 'D:/uni/Sem 5/SW project/Payroll-Subsystem/frontend/src/app/login/page.tsx'
    Imported via '@/components/ui/button' from file 'D:/uni/Sem 5/SW project/Payroll-Subsystem/frontend/src/app/manager/team/page.tsx'
    Imported via '@/components/ui/button' from file 'D:/uni/Sem 5/SW project/Payroll-Subsystem/frontend/src/app/manager/team/org-tree/page.tsx'
    Imported via "@/components/ui/button" from file 'D:/uni/Sem 5/SW project/Payroll-Subsystem/frontend/src/app/manager/team/structure-requests/page.tsx'
    Imported via '@/components/ui/button' from file 'D:/uni/Sem 5/SW project/Payroll-Subsystem/frontend/src/app/payroll-config/allowances/page.tsx'
    Imported via '@/components/ui/button' from file 'D:/uni/Sem 5/SW project/Payroll-Subsystem/frontend/src/app/payroll-config/allowances/@create/page.tsx'
    Imported via '@/components/ui/button' from file 'D:/uni/Sem 5/SW project/Payroll-Subsystem/frontend/src/app/payroll-config/allowances/@edit/page.tsx'
    Imported via '@/components/ui/button' from file 'D:/uni/Sem 5/SW project/Payroll-Subsystem/frontend/src/app/payroll-config/allowances/@status/page.tsx'
    Imported via '@/components/ui/button' from file 'D:/uni/Sem 5/SW project/Payroll-Subsystem/frontend/src/app/payroll-config/company-settings/page.tsx'
    Imported via '@/components/ui/button' from file 'D:/uni/Sem 5/SW project/Payroll-Subsystem/frontend/src/app/payroll-config/insurance/page.tsx'
    Imported via '@/components/ui/button' from file 'D:/uni/Sem 5/SW project/Payroll-Subsystem/frontend/src/app/payroll-config/pay-grades/page.tsx'
    Imported via '@/components/ui/button' from file 'D:/uni/Sem 5/SW project/Payroll-Subsystem/frontend/src/app/payroll-config/pay-types/page.tsx'
    Imported via '@/components/ui/button' from file 'D:/uni/Sem 5/SW project/Payroll-Subsystem/frontend/src/app/payroll-config/policies/page.tsx'
    Imported via '@/components/ui/button' from file 'D:/uni/Sem 5/SW project/Payroll-Subsystem/frontend/src/app/payroll-config/signing-bonuses/page.tsx'
    Imported via '@/components/ui/button' from file 'D:/uni/Sem 5/SW project/Payroll-Subsystem/frontend/src/app/payroll-config/tax-rules/page.tsx'
    Imported via '@/components/ui/button' from file 'D:/uni/Sem 5/SW project/Payroll-Subsystem/frontend/src/app/payroll-config/termination-benefits/page.tsx'
    Imported via '@/components/ui/button' from file 'D:/uni/Sem 5/SW project/Payroll-Subsystem/frontend/src/app/payroll-execution/page.tsx'
    Imported via "@/components/ui/Button" from file 'D:/uni/Sem 5/SW project/Payroll-Subsystem/frontend/src/app/payroll-execution/approval/[cycleID]/page.tsx'
    Imported via '@/components/ui/Button' from file 'D:/uni/Sem 5/SW project/Payroll-Subsystem/frontend/src/app/payroll-execution/initiate/page.tsx'
    Imported via '@/components/ui/Button' from file 'D:/uni/Sem 5/SW project/Payroll-Subsystem/frontend/src/app/payroll-execution/review/[cycleId]/page.tsx'
    Imported via '@/components/ui/Button' from file 'D:/uni/Sem 5/SW project/Payroll-Subsystem/frontend/src/components/payroll/PayrollTable.tsx'
    Imported via '@/components/ui/Button' from file 'D:/uni/Sem 5/SW project/Payroll-Subsystem/frontend/src/components/payroll/CorrectionSheet.tsx'
    Imported via '@/components/ui/button' from file 'D:/uni/Sem 5/SW project/Payroll-Subsystem/frontend/src/app/performance/page 2.tsx'
    Imported via '@/components/ui/button' from file 'D:/uni/Sem 5/SW project/Payroll-Subsystem/frontend/src/app/performance/page.tsx'
    Imported via '@/components/ui/button' from file 'D:/uni/Sem 5/SW project/Payroll-Subsystem/frontend/src/app/performance/assign/page.tsx'
    Imported via '@/components/ui/button' from file 'D:/uni/Sem 5/SW project/Payroll-Subsystem/frontend/src/app/performance/assignments/page.tsx'
    Imported via '@/components/ui/button' from file 'D:/uni/Sem 5/SW project/Payroll-Subsystem/frontend/src/app/performance/cycles/page.tsx'
    Imported via '@/components/ui/button' from file 'D:/uni/Sem 5/SW project/Payroll-Subsystem/frontend/src/app/performance/disputes/page.tsx'
    Imported via '@/components/ui/button' from file 'D:/uni/Sem 5/SW project/Payroll-Subsystem/frontend/src/app/performance/records/[id]/page.tsx'
    Imported via '@/components/ui/button' from file 'D:/uni/Sem 5/SW project/Payroll-Subsystem/frontend/src/app/performance/templates/page.tsx'
    Imported via "@/components/ui/button" from file 'D:/uni/Sem 5/SW project/Payroll-Subsystem/frontend/src/app/profile/page 2.tsx'
    Imported via "@/components/ui/button" from file 'D:/uni/Sem 5/SW project/Payroll-Subsystem/frontend/src/app/profile/page.tsx'
    Imported via "@/components/ui/button" from file 'D:/uni/Sem 5/SW project/Payroll-Subsystem/frontend/src/app/profile/requests/page.tsx'
    Imported via "@/components/ui/button" from file 'D:/uni/Sem 5/SW project/Payroll-Subsystem/frontend/src/app/register/page 2.tsx'
    Imported via "@/components/ui/button" from file 'D:/uni/Sem 5/SW project/Payroll-Subsystem/frontend/src/app/register/page.tsx'
    Imported via "@/components/ui/button" from file 'D:/uni/Sem 5/SW project/Payroll-Subsystem/frontend/src/components/layout/app-shell 2.tsx'
    Imported via "@/components/ui/button" from file 'D:/uni/Sem 5/SW project/Payroll-Subsystem/frontend/src/components/org-chart/org-tree 2.tsx'
    Imported via './button' from file 'D:/uni/Sem 5/SW project/Payroll-Subsystem/frontend/src/components/ui/alert-dialog.tsx'
    Matched by include pattern '**/*.tsx' in 'D:/uni/Sem 5/SW project/Payroll-Subsystem/frontend/tsconfig.json'
src/app/payroll-execution/initiate/page.tsx(7,24): error TS1149: File name 'D:/uni/Sem 5/SW project/Payroll-Subsystem/frontend/src/components/ui/Button.tsx' differs from already included file name 'D:/uni/Sem 5/SW project/Payroll-Subsystem/frontend/src/components/ui/button.tsx' only in casing.
  The file is in the program because:
    Imported via "@/components/ui/button" from file 'D:/uni/Sem 5/SW project/Payroll-Subsystem/frontend/src/components/layout/app-shell.tsx'
    Imported via "@/components/ui/button" from file 'D:/uni/Sem 5/SW project/Payroll-Subsystem/frontend/src/app/admin/employees/page.tsx'
    Imported via '@/components/ui/button' from file 'D:/uni/Sem 5/SW project/Payroll-Subsystem/frontend/src/app/admin/employees/[id]/page.tsx'
    Imported via "./button" from file 'D:/uni/Sem 5/SW project/Payroll-Subsystem/frontend/src/components/ui/file-upload.tsx'
    Imported via "@/components/ui/button" from file 'D:/uni/Sem 5/SW project/Payroll-Subsystem/frontend/src/components/org-chart/org-tree.tsx'
    Imported via "@/components/ui/button" from file 'D:/uni/Sem 5/SW project/Payroll-Subsystem/frontend/src/app/admin/org-structure/page.tsx'
    Imported via "@/components/ui/button" from file 'D:/uni/Sem 5/SW project/Payroll-Subsystem/frontend/src/app/admin/requests/page.tsx'
    Imported via "@/components/ui/button" from file 'D:/uni/Sem 5/SW project/Payroll-Subsystem/frontend/src/app/login/page 2.tsx'
    Imported via "@/components/ui/button" from file 'D:/uni/Sem 5/SW project/Payroll-Subsystem/frontend/src/app/login/page.tsx'
    Imported via '@/components/ui/button' from file 'D:/uni/Sem 5/SW project/Payroll-Subsystem/frontend/src/app/manager/team/page.tsx'
    Imported via '@/components/ui/button' from file 'D:/uni/Sem 5/SW project/Payroll-Subsystem/frontend/src/app/manager/team/org-tree/page.tsx'
    Imported via "@/components/ui/button" from file 'D:/uni/Sem 5/SW project/Payroll-Subsystem/frontend/src/app/manager/team/structure-requests/page.tsx'
    Imported via '@/components/ui/button' from file 'D:/uni/Sem 5/SW project/Payroll-Subsystem/frontend/src/app/payroll-config/allowances/page.tsx'
    Imported via '@/components/ui/button' from file 'D:/uni/Sem 5/SW project/Payroll-Subsystem/frontend/src/app/payroll-config/allowances/@create/page.tsx'
    Imported via '@/components/ui/button' from file 'D:/uni/Sem 5/SW project/Payroll-Subsystem/frontend/src/app/payroll-config/allowances/@edit/page.tsx'
    Imported via '@/components/ui/button' from file 'D:/uni/Sem 5/SW project/Payroll-Subsystem/frontend/src/app/payroll-config/allowances/@status/page.tsx'
    Imported via '@/components/ui/button' from file 'D:/uni/Sem 5/SW project/Payroll-Subsystem/frontend/src/app/payroll-config/company-settings/page.tsx'
    Imported via '@/components/ui/button' from file 'D:/uni/Sem 5/SW project/Payroll-Subsystem/frontend/src/app/payroll-config/insurance/page.tsx'
    Imported via '@/components/ui/button' from file 'D:/uni/Sem 5/SW project/Payroll-Subsystem/frontend/src/app/payroll-config/pay-grades/page.tsx'
    Imported via '@/components/ui/button' from file 'D:/uni/Sem 5/SW project/Payroll-Subsystem/frontend/src/app/payroll-config/pay-types/page.tsx'
    Imported via '@/components/ui/button' from file 'D:/uni/Sem 5/SW project/Payroll-Subsystem/frontend/src/app/payroll-config/policies/page.tsx'
    Imported via '@/components/ui/button' from file 'D:/uni/Sem 5/SW project/Payroll-Subsystem/frontend/src/app/payroll-config/signing-bonuses/page.tsx'
    Imported via '@/components/ui/button' from file 'D:/uni/Sem 5/SW project/Payroll-Subsystem/frontend/src/app/payroll-config/tax-rules/page.tsx'
    Imported via '@/components/ui/button' from file 'D:/uni/Sem 5/SW project/Payroll-Subsystem/frontend/src/app/payroll-config/termination-benefits/page.tsx'
    Imported via '@/components/ui/button' from file 'D:/uni/Sem 5/SW project/Payroll-Subsystem/frontend/src/app/payroll-execution/page.tsx'
    Imported via "@/components/ui/Button" from file 'D:/uni/Sem 5/SW project/Payroll-Subsystem/frontend/src/app/payroll-execution/approval/[cycleID]/page.tsx'
    Imported via '@/components/ui/Button' from file 'D:/uni/Sem 5/SW project/Payroll-Subsystem/frontend/src/app/payroll-execution/initiate/page.tsx'
    Imported via '@/components/ui/Button' from file 'D:/uni/Sem 5/SW project/Payroll-Subsystem/frontend/src/app/payroll-execution/review/[cycleId]/page.tsx'
    Imported via '@/components/ui/Button' from file 'D:/uni/Sem 5/SW project/Payroll-Subsystem/frontend/src/components/payroll/PayrollTable.tsx'
    Imported via '@/components/ui/Button' from file 'D:/uni/Sem 5/SW project/Payroll-Subsystem/frontend/src/components/payroll/CorrectionSheet.tsx'
    Imported via '@/components/ui/button' from file 'D:/uni/Sem 5/SW project/Payroll-Subsystem/frontend/src/app/performance/page 2.tsx'
    Imported via '@/components/ui/button' from file 'D:/uni/Sem 5/SW project/Payroll-Subsystem/frontend/src/app/performance/page.tsx'
    Imported via '@/components/ui/button' from file 'D:/uni/Sem 5/SW project/Payroll-Subsystem/frontend/src/app/performance/assign/page.tsx'
    Imported via '@/components/ui/button' from file 'D:/uni/Sem 5/SW project/Payroll-Subsystem/frontend/src/app/performance/assignments/page.tsx'
    Imported via '@/components/ui/button' from file 'D:/uni/Sem 5/SW project/Payroll-Subsystem/frontend/src/app/performance/cycles/page.tsx'
    Imported via '@/components/ui/button' from file 'D:/uni/Sem 5/SW project/Payroll-Subsystem/frontend/src/app/performance/disputes/page.tsx'
    Imported via '@/components/ui/button' from file 'D:/uni/Sem 5/SW project/Payroll-Subsystem/frontend/src/app/performance/records/[id]/page.tsx'
    Imported via '@/components/ui/button' from file 'D:/uni/Sem 5/SW project/Payroll-Subsystem/frontend/src/app/performance/templates/page.tsx'
    Imported via "@/components/ui/button" from file 'D:/uni/Sem 5/SW project/Payroll-Subsystem/frontend/src/app/profile/page 2.tsx'
    Imported via "@/components/ui/button" from file 'D:/uni/Sem 5/SW project/Payroll-Subsystem/frontend/src/app/profile/page.tsx'
    Imported via "@/components/ui/button" from file 'D:/uni/Sem 5/SW project/Payroll-Subsystem/frontend/src/app/profile/requests/page.tsx'
    Imported via "@/components/ui/button" from file 'D:/uni/Sem 5/SW project/Payroll-Subsystem/frontend/src/app/register/page 2.tsx'
    Imported via "@/components/ui/button" from file 'D:/uni/Sem 5/SW project/Payroll-Subsystem/frontend/src/app/register/page.tsx'
    Imported via "@/components/ui/button" from file 'D:/uni/Sem 5/SW project/Payroll-Subsystem/frontend/src/components/layout/app-shell 2.tsx'
    Imported via "@/components/ui/button" from file 'D:/uni/Sem 5/SW project/Payroll-Subsystem/frontend/src/components/org-chart/org-tree 2.tsx'
    Imported via './button' from file 'D:/uni/Sem 5/SW project/Payroll-Subsystem/frontend/src/components/ui/alert-dialog.tsx'
    Matched by include pattern '**/*.tsx' in 'D:/uni/Sem 5/SW project/Payroll-Subsystem/frontend/tsconfig.json'
src/app/payroll-execution/initiate/page.tsx(77,21): error TS2322: Type '"primary"' is not assignable to type '"secondary" | "destructive" | "link" | "default" | "outline" | "ghost" | null | undefined'.
src/app/payroll-execution/page.tsx(76,29): error TS2322: Type '"primary"' is not assignable to type '"secondary" | "destructive" | "link" | "default" | "outline" | "ghost" | null | undefined'.
src/app/payroll-execution/review/[cycleId]/page.tsx(6,24): error TS1149: File name 'D:/uni/Sem 5/SW project/Payroll-Subsystem/frontend/src/components/ui/Button.tsx' differs from already included file name 'D:/uni/Sem 5/SW project/Payroll-Subsystem/frontend/src/components/ui/button.tsx' only in casing.
  The file is in the program because:
    Imported via "@/components/ui/button" from file 'D:/uni/Sem 5/SW project/Payroll-Subsystem/frontend/src/components/layout/app-shell.tsx'
    Imported via "@/components/ui/button" from file 'D:/uni/Sem 5/SW project/Payroll-Subsystem/frontend/src/app/admin/employees/page.tsx'
    Imported via '@/components/ui/button' from file 'D:/uni/Sem 5/SW project/Payroll-Subsystem/frontend/src/app/admin/employees/[id]/page.tsx'
    Imported via "./button" from file 'D:/uni/Sem 5/SW project/Payroll-Subsystem/frontend/src/components/ui/file-upload.tsx'
    Imported via "@/components/ui/button" from file 'D:/uni/Sem 5/SW project/Payroll-Subsystem/frontend/src/components/org-chart/org-tree.tsx'
    Imported via "@/components/ui/button" from file 'D:/uni/Sem 5/SW project/Payroll-Subsystem/frontend/src/app/admin/org-structure/page.tsx'
    Imported via "@/components/ui/button" from file 'D:/uni/Sem 5/SW project/Payroll-Subsystem/frontend/src/app/admin/requests/page.tsx'
    Imported via "@/components/ui/button" from file 'D:/uni/Sem 5/SW project/Payroll-Subsystem/frontend/src/app/login/page 2.tsx'
    Imported via "@/components/ui/button" from file 'D:/uni/Sem 5/SW project/Payroll-Subsystem/frontend/src/app/login/page.tsx'
    Imported via '@/components/ui/button' from file 'D:/uni/Sem 5/SW project/Payroll-Subsystem/frontend/src/app/manager/team/page.tsx'
    Imported via '@/components/ui/button' from file 'D:/uni/Sem 5/SW project/Payroll-Subsystem/frontend/src/app/manager/team/org-tree/page.tsx'
    Imported via "@/components/ui/button" from file 'D:/uni/Sem 5/SW project/Payroll-Subsystem/frontend/src/app/manager/team/structure-requests/page.tsx'
    Imported via '@/components/ui/button' from file 'D:/uni/Sem 5/SW project/Payroll-Subsystem/frontend/src/app/payroll-config/allowances/page.tsx'
    Imported via '@/components/ui/button' from file 'D:/uni/Sem 5/SW project/Payroll-Subsystem/frontend/src/app/payroll-config/allowances/@create/page.tsx'
    Imported via '@/components/ui/button' from file 'D:/uni/Sem 5/SW project/Payroll-Subsystem/frontend/src/app/payroll-config/allowances/@edit/page.tsx'
    Imported via '@/components/ui/button' from file 'D:/uni/Sem 5/SW project/Payroll-Subsystem/frontend/src/app/payroll-config/allowances/@status/page.tsx'
    Imported via '@/components/ui/button' from file 'D:/uni/Sem 5/SW project/Payroll-Subsystem/frontend/src/app/payroll-config/company-settings/page.tsx'
    Imported via '@/components/ui/button' from file 'D:/uni/Sem 5/SW project/Payroll-Subsystem/frontend/src/app/payroll-config/insurance/page.tsx'
    Imported via '@/components/ui/button' from file 'D:/uni/Sem 5/SW project/Payroll-Subsystem/frontend/src/app/payroll-config/pay-grades/page.tsx'
    Imported via '@/components/ui/button' from file 'D:/uni/Sem 5/SW project/Payroll-Subsystem/frontend/src/app/payroll-config/pay-types/page.tsx'
    Imported via '@/components/ui/button' from file 'D:/uni/Sem 5/SW project/Payroll-Subsystem/frontend/src/app/payroll-config/policies/page.tsx'
    Imported via '@/components/ui/button' from file 'D:/uni/Sem 5/SW project/Payroll-Subsystem/frontend/src/app/payroll-config/signing-bonuses/page.tsx'
    Imported via '@/components/ui/button' from file 'D:/uni/Sem 5/SW project/Payroll-Subsystem/frontend/src/app/payroll-config/tax-rules/page.tsx'
    Imported via '@/components/ui/button' from file 'D:/uni/Sem 5/SW project/Payroll-Subsystem/frontend/src/app/payroll-config/termination-benefits/page.tsx'
    Imported via '@/components/ui/button' from file 'D:/uni/Sem 5/SW project/Payroll-Subsystem/frontend/src/app/payroll-execution/page.tsx'
    Imported via "@/components/ui/Button" from file 'D:/uni/Sem 5/SW project/Payroll-Subsystem/frontend/src/app/payroll-execution/approval/[cycleID]/page.tsx'
    Imported via '@/components/ui/Button' from file 'D:/uni/Sem 5/SW project/Payroll-Subsystem/frontend/src/app/payroll-execution/initiate/page.tsx'
    Imported via '@/components/ui/Button' from file 'D:/uni/Sem 5/SW project/Payroll-Subsystem/frontend/src/app/payroll-execution/review/[cycleId]/page.tsx'
    Imported via '@/components/ui/Button' from file 'D:/uni/Sem 5/SW project/Payroll-Subsystem/frontend/src/components/payroll/PayrollTable.tsx'
    Imported via '@/components/ui/Button' from file 'D:/uni/Sem 5/SW project/Payroll-Subsystem/frontend/src/components/payroll/CorrectionSheet.tsx'
    Imported via '@/components/ui/button' from file 'D:/uni/Sem 5/SW project/Payroll-Subsystem/frontend/src/app/performance/page 2.tsx'
    Imported via '@/components/ui/button' from file 'D:/uni/Sem 5/SW project/Payroll-Subsystem/frontend/src/app/performance/page.tsx'
    Imported via '@/components/ui/button' from file 'D:/uni/Sem 5/SW project/Payroll-Subsystem/frontend/src/app/performance/assign/page.tsx'
    Imported via '@/components/ui/button' from file 'D:/uni/Sem 5/SW project/Payroll-Subsystem/frontend/src/app/performance/assignments/page.tsx'
    Imported via '@/components/ui/button' from file 'D:/uni/Sem 5/SW project/Payroll-Subsystem/frontend/src/app/performance/cycles/page.tsx'
    Imported via '@/components/ui/button' from file 'D:/uni/Sem 5/SW project/Payroll-Subsystem/frontend/src/app/performance/disputes/page.tsx'
    Imported via '@/components/ui/button' from file 'D:/uni/Sem 5/SW project/Payroll-Subsystem/frontend/src/app/performance/records/[id]/page.tsx'
    Imported via '@/components/ui/button' from file 'D:/uni/Sem 5/SW project/Payroll-Subsystem/frontend/src/app/performance/templates/page.tsx'
    Imported via "@/components/ui/button" from file 'D:/uni/Sem 5/SW project/Payroll-Subsystem/frontend/src/app/profile/page 2.tsx'
    Imported via "@/components/ui/button" from file 'D:/uni/Sem 5/SW project/Payroll-Subsystem/frontend/src/app/profile/page.tsx'
    Imported via "@/components/ui/button" from file 'D:/uni/Sem 5/SW project/Payroll-Subsystem/frontend/src/app/profile/requests/page.tsx'
    Imported via "@/components/ui/button" from file 'D:/uni/Sem 5/SW project/Payroll-Subsystem/frontend/src/app/register/page 2.tsx'
    Imported via "@/components/ui/button" from file 'D:/uni/Sem 5/SW project/Payroll-Subsystem/frontend/src/app/register/page.tsx'
    Imported via "@/components/ui/button" from file 'D:/uni/Sem 5/SW project/Payroll-Subsystem/frontend/src/components/layout/app-shell 2.tsx'
    Imported via "@/components/ui/button" from file 'D:/uni/Sem 5/SW project/Payroll-Subsystem/frontend/src/components/org-chart/org-tree 2.tsx'
    Imported via './button' from file 'D:/uni/Sem 5/SW project/Payroll-Subsystem/frontend/src/components/ui/alert-dialog.tsx'
    Matched by include pattern '**/*.tsx' in 'D:/uni/Sem 5/SW project/Payroll-Subsystem/frontend/tsconfig.json'
src/app/payroll-execution/review/[cycleId]/page.tsx(110,29): error TS2322: Type '"primary"' is not assignable to type '"secondary" | "destructive" | "link" | "default" | "outline" | "ghost" | null | undefined'.
src/app/payroll-tracking/actions.tsx(75,26): error TS2322: Type 'void' is not assignable to type 'Promise<void>'.
src/app/payroll-tracking/actions.tsx(81,11): error TS2322: Type '() => void' is not assignable to type '() => Promise<void>'.
  Type 'void' is not assignable to type 'Promise<void>'.
src/app/payroll-tracking/actions.tsx(126,11): error TS2322: Type '() => void' is not assignable to type '() => Promise<void>'.
  Type 'void' is not assignable to type 'Promise<void>'.
src/app/payroll-tracking/actions.tsx(132,11): error TS2322: Type '() => void' is not assignable to type '() => Promise<void>'.
  Type 'void' is not assignable to type 'Promise<void>'.
src/app/payroll-tracking/claims/page.tsx(114,15): error TS2322: Type '"actions"' is not assignable to type 'keyof ClaimRecord'.
src/app/payroll-tracking/disputes/page.tsx(90,15): error TS2322: Type '"actions"' is not assignable to type 'keyof DisputeRecord'.
src/components/payroll-execution/AuditLog.tsx(2,10): error TS2305: Module '"@/types/payroll-execution"' has no exported member 'AuditLogEntry'.
src/components/payroll-execution/RiskAssessment.tsx(2,10): error TS2305: Module '"@/types/payroll-execution"' has no exported member 'PayrollAnomaly'.
src/components/payroll/CorrectionSheet.tsx(4,24): error TS1149: File name 'D:/uni/Sem 5/SW project/Payroll-Subsystem/frontend/src/components/ui/Button.tsx' differs from already included file name 'D:/uni/Sem 5/SW project/Payroll-Subsystem/frontend/src/components/ui/button.tsx' only in casing.
  The file is in the program because:
    Imported via "@/components/ui/button" from file 'D:/uni/Sem 5/SW project/Payroll-Subsystem/frontend/src/components/layout/app-shell.tsx'
    Imported via "@/components/ui/button" from file 'D:/uni/Sem 5/SW project/Payroll-Subsystem/frontend/src/app/admin/employees/page.tsx'
    Imported via '@/components/ui/button' from file 'D:/uni/Sem 5/SW project/Payroll-Subsystem/frontend/src/app/admin/employees/[id]/page.tsx'
    Imported via "./button" from file 'D:/uni/Sem 5/SW project/Payroll-Subsystem/frontend/src/components/ui/file-upload.tsx'
    Imported via "@/components/ui/button" from file 'D:/uni/Sem 5/SW project/Payroll-Subsystem/frontend/src/components/org-chart/org-tree.tsx'
    Imported via "@/components/ui/button" from file 'D:/uni/Sem 5/SW project/Payroll-Subsystem/frontend/src/app/admin/org-structure/page.tsx'
    Imported via "@/components/ui/button" from file 'D:/uni/Sem 5/SW project/Payroll-Subsystem/frontend/src/app/admin/requests/page.tsx'
    Imported via "@/components/ui/button" from file 'D:/uni/Sem 5/SW project/Payroll-Subsystem/frontend/src/app/login/page 2.tsx'
    Imported via "@/components/ui/button" from file 'D:/uni/Sem 5/SW project/Payroll-Subsystem/frontend/src/app/login/page.tsx'
    Imported via '@/components/ui/button' from file 'D:/uni/Sem 5/SW project/Payroll-Subsystem/frontend/src/app/manager/team/page.tsx'
    Imported via '@/components/ui/button' from file 'D:/uni/Sem 5/SW project/Payroll-Subsystem/frontend/src/app/manager/team/org-tree/page.tsx'
    Imported via "@/components/ui/button" from file 'D:/uni/Sem 5/SW project/Payroll-Subsystem/frontend/src/app/manager/team/structure-requests/page.tsx'
    Imported via '@/components/ui/button' from file 'D:/uni/Sem 5/SW project/Payroll-Subsystem/frontend/src/app/payroll-config/allowances/page.tsx'
    Imported via '@/components/ui/button' from file 'D:/uni/Sem 5/SW project/Payroll-Subsystem/frontend/src/app/payroll-config/allowances/@create/page.tsx'
    Imported via '@/components/ui/button' from file 'D:/uni/Sem 5/SW project/Payroll-Subsystem/frontend/src/app/payroll-config/allowances/@edit/page.tsx'
    Imported via '@/components/ui/button' from file 'D:/uni/Sem 5/SW project/Payroll-Subsystem/frontend/src/app/payroll-config/allowances/@status/page.tsx'
    Imported via '@/components/ui/button' from file 'D:/uni/Sem 5/SW project/Payroll-Subsystem/frontend/src/app/payroll-config/company-settings/page.tsx'
    Imported via '@/components/ui/button' from file 'D:/uni/Sem 5/SW project/Payroll-Subsystem/frontend/src/app/payroll-config/insurance/page.tsx'
    Imported via '@/components/ui/button' from file 'D:/uni/Sem 5/SW project/Payroll-Subsystem/frontend/src/app/payroll-config/pay-grades/page.tsx'
    Imported via '@/components/ui/button' from file 'D:/uni/Sem 5/SW project/Payroll-Subsystem/frontend/src/app/payroll-config/pay-types/page.tsx'
    Imported via '@/components/ui/button' from file 'D:/uni/Sem 5/SW project/Payroll-Subsystem/frontend/src/app/payroll-config/policies/page.tsx'
    Imported via '@/components/ui/button' from file 'D:/uni/Sem 5/SW project/Payroll-Subsystem/frontend/src/app/payroll-config/signing-bonuses/page.tsx'
    Imported via '@/components/ui/button' from file 'D:/uni/Sem 5/SW project/Payroll-Subsystem/frontend/src/app/payroll-config/tax-rules/page.tsx'
    Imported via '@/components/ui/button' from file 'D:/uni/Sem 5/SW project/Payroll-Subsystem/frontend/src/app/payroll-config/termination-benefits/page.tsx'
    Imported via '@/components/ui/button' from file 'D:/uni/Sem 5/SW project/Payroll-Subsystem/frontend/src/app/payroll-execution/page.tsx'
    Imported via "@/components/ui/Button" from file 'D:/uni/Sem 5/SW project/Payroll-Subsystem/frontend/src/app/payroll-execution/approval/[cycleID]/page.tsx'
    Imported via '@/components/ui/Button' from file 'D:/uni/Sem 5/SW project/Payroll-Subsystem/frontend/src/app/payroll-execution/initiate/page.tsx'
    Imported via '@/components/ui/Button' from file 'D:/uni/Sem 5/SW project/Payroll-Subsystem/frontend/src/app/payroll-execution/review/[cycleId]/page.tsx'
    Imported via '@/components/ui/Button' from file 'D:/uni/Sem 5/SW project/Payroll-Subsystem/frontend/src/components/payroll/PayrollTable.tsx'
    Imported via '@/components/ui/Button' from file 'D:/uni/Sem 5/SW project/Payroll-Subsystem/frontend/src/components/payroll/CorrectionSheet.tsx'
    Imported via '@/components/ui/button' from file 'D:/uni/Sem 5/SW project/Payroll-Subsystem/frontend/src/app/performance/page 2.tsx'
    Imported via '@/components/ui/button' from file 'D:/uni/Sem 5/SW project/Payroll-Subsystem/frontend/src/app/performance/page.tsx'
    Imported via '@/components/ui/button' from file 'D:/uni/Sem 5/SW project/Payroll-Subsystem/frontend/src/app/performance/assign/page.tsx'
    Imported via '@/components/ui/button' from file 'D:/uni/Sem 5/SW project/Payroll-Subsystem/frontend/src/app/performance/assignments/page.tsx'
    Imported via '@/components/ui/button' from file 'D:/uni/Sem 5/SW project/Payroll-Subsystem/frontend/src/app/performance/cycles/page.tsx'
    Imported via '@/components/ui/button' from file 'D:/uni/Sem 5/SW project/Payroll-Subsystem/frontend/src/app/performance/disputes/page.tsx'
    Imported via '@/components/ui/button' from file 'D:/uni/Sem 5/SW project/Payroll-Subsystem/frontend/src/app/performance/records/[id]/page.tsx'
    Imported via '@/components/ui/button' from file 'D:/uni/Sem 5/SW project/Payroll-Subsystem/frontend/src/app/performance/templates/page.tsx'
    Imported via "@/components/ui/button" from file 'D:/uni/Sem 5/SW project/Payroll-Subsystem/frontend/src/app/profile/page 2.tsx'
    Imported via "@/components/ui/button" from file 'D:/uni/Sem 5/SW project/Payroll-Subsystem/frontend/src/app/profile/page.tsx'
    Imported via "@/components/ui/button" from file 'D:/uni/Sem 5/SW project/Payroll-Subsystem/frontend/src/app/profile/requests/page.tsx'
    Imported via "@/components/ui/button" from file 'D:/uni/Sem 5/SW project/Payroll-Subsystem/frontend/src/app/register/page 2.tsx'
    Imported via "@/components/ui/button" from file 'D:/uni/Sem 5/SW project/Payroll-Subsystem/frontend/src/app/register/page.tsx'
    Imported via "@/components/ui/button" from file 'D:/uni/Sem 5/SW project/Payroll-Subsystem/frontend/src/components/layout/app-shell 2.tsx'
    Imported via "@/components/ui/button" from file 'D:/uni/Sem 5/SW project/Payroll-Subsystem/frontend/src/components/org-chart/org-tree 2.tsx'
    Imported via './button' from file 'D:/uni/Sem 5/SW project/Payroll-Subsystem/frontend/src/components/ui/alert-dialog.tsx'
    Matched by include pattern '**/*.tsx' in 'D:/uni/Sem 5/SW project/Payroll-Subsystem/frontend/tsconfig.json'
src/components/payroll/CorrectionSheet.tsx(93,29): error TS2322: Type '"primary"' is not assignable to type '"secondary" | "destructive" | "link" | "default" | "outline" | "ghost" | null | undefined'.
src/components/payroll/PayrollTable.tsx(3,24): error TS1149: File name 'D:/uni/Sem 5/SW project/Payroll-Subsystem/frontend/src/components/ui/Button.tsx' differs from already included file name 'D:/uni/Sem 5/SW project/Payroll-Subsystem/frontend/src/components/ui/button.tsx' only in casing.
  The file is in the program because:
    Imported via "@/components/ui/button" from file 'D:/uni/Sem 5/SW project/Payroll-Subsystem/frontend/src/components/layout/app-shell.tsx'
    Imported via "@/components/ui/button" from file 'D:/uni/Sem 5/SW project/Payroll-Subsystem/frontend/src/app/admin/employees/page.tsx'
    Imported via '@/components/ui/button' from file 'D:/uni/Sem 5/SW project/Payroll-Subsystem/frontend/src/app/admin/employees/[id]/page.tsx'
    Imported via "./button" from file 'D:/uni/Sem 5/SW project/Payroll-Subsystem/frontend/src/components/ui/file-upload.tsx'
    Imported via "@/components/ui/button" from file 'D:/uni/Sem 5/SW project/Payroll-Subsystem/frontend/src/components/org-chart/org-tree.tsx'
    Imported via "@/components/ui/button" from file 'D:/uni/Sem 5/SW project/Payroll-Subsystem/frontend/src/app/admin/org-structure/page.tsx'
    Imported via "@/components/ui/button" from file 'D:/uni/Sem 5/SW project/Payroll-Subsystem/frontend/src/app/admin/requests/page.tsx'
    Imported via "@/components/ui/button" from file 'D:/uni/Sem 5/SW project/Payroll-Subsystem/frontend/src/app/login/page 2.tsx'
    Imported via "@/components/ui/button" from file 'D:/uni/Sem 5/SW project/Payroll-Subsystem/frontend/src/app/login/page.tsx'
    Imported via '@/components/ui/button' from file 'D:/uni/Sem 5/SW project/Payroll-Subsystem/frontend/src/app/manager/team/page.tsx'
    Imported via '@/components/ui/button' from file 'D:/uni/Sem 5/SW project/Payroll-Subsystem/frontend/src/app/manager/team/org-tree/page.tsx'
    Imported via "@/components/ui/button" from file 'D:/uni/Sem 5/SW project/Payroll-Subsystem/frontend/src/app/manager/team/structure-requests/page.tsx'
    Imported via '@/components/ui/button' from file 'D:/uni/Sem 5/SW project/Payroll-Subsystem/frontend/src/app/payroll-config/allowances/page.tsx'
    Imported via '@/components/ui/button' from file 'D:/uni/Sem 5/SW project/Payroll-Subsystem/frontend/src/app/payroll-config/allowances/@create/page.tsx'
    Imported via '@/components/ui/button' from file 'D:/uni/Sem 5/SW project/Payroll-Subsystem/frontend/src/app/payroll-config/allowances/@edit/page.tsx'
    Imported via '@/components/ui/button' from file 'D:/uni/Sem 5/SW project/Payroll-Subsystem/frontend/src/app/payroll-config/allowances/@status/page.tsx'
    Imported via '@/components/ui/button' from file 'D:/uni/Sem 5/SW project/Payroll-Subsystem/frontend/src/app/payroll-config/company-settings/page.tsx'
    Imported via '@/components/ui/button' from file 'D:/uni/Sem 5/SW project/Payroll-Subsystem/frontend/src/app/payroll-config/insurance/page.tsx'
    Imported via '@/components/ui/button' from file 'D:/uni/Sem 5/SW project/Payroll-Subsystem/frontend/src/app/payroll-config/pay-grades/page.tsx'
    Imported via '@/components/ui/button' from file 'D:/uni/Sem 5/SW project/Payroll-Subsystem/frontend/src/app/payroll-config/pay-types/page.tsx'
    Imported via '@/components/ui/button' from file 'D:/uni/Sem 5/SW project/Payroll-Subsystem/frontend/src/app/payroll-config/policies/page.tsx'
    Imported via '@/components/ui/button' from file 'D:/uni/Sem 5/SW project/Payroll-Subsystem/frontend/src/app/payroll-config/signing-bonuses/page.tsx'
    Imported via '@/components/ui/button' from file 'D:/uni/Sem 5/SW project/Payroll-Subsystem/frontend/src/app/payroll-config/tax-rules/page.tsx'
    Imported via '@/components/ui/button' from file 'D:/uni/Sem 5/SW project/Payroll-Subsystem/frontend/src/app/payroll-config/termination-benefits/page.tsx'
    Imported via '@/components/ui/button' from file 'D:/uni/Sem 5/SW project/Payroll-Subsystem/frontend/src/app/payroll-execution/page.tsx'
    Imported via "@/components/ui/Button" from file 'D:/uni/Sem 5/SW project/Payroll-Subsystem/frontend/src/app/payroll-execution/approval/[cycleID]/page.tsx'
    Imported via '@/components/ui/Button' from file 'D:/uni/Sem 5/SW project/Payroll-Subsystem/frontend/src/app/payroll-execution/initiate/page.tsx'
    Imported via '@/components/ui/Button' from file 'D:/uni/Sem 5/SW project/Payroll-Subsystem/frontend/src/app/payroll-execution/review/[cycleId]/page.tsx'
    Imported via '@/components/ui/Button' from file 'D:/uni/Sem 5/SW project/Payroll-Subsystem/frontend/src/components/payroll/PayrollTable.tsx'
    Imported via '@/components/ui/Button' from file 'D:/uni/Sem 5/SW project/Payroll-Subsystem/frontend/src/components/payroll/CorrectionSheet.tsx'
    Imported via '@/components/ui/button' from file 'D:/uni/Sem 5/SW project/Payroll-Subsystem/frontend/src/app/performance/page 2.tsx'
    Imported via '@/components/ui/button' from file 'D:/uni/Sem 5/SW project/Payroll-Subsystem/frontend/src/app/performance/page.tsx'
    Imported via '@/components/ui/button' from file 'D:/uni/Sem 5/SW project/Payroll-Subsystem/frontend/src/app/performance/assign/page.tsx'
    Imported via '@/components/ui/button' from file 'D:/uni/Sem 5/SW project/Payroll-Subsystem/frontend/src/app/performance/assignments/page.tsx'
    Imported via '@/components/ui/button' from file 'D:/uni/Sem 5/SW project/Payroll-Subsystem/frontend/src/app/performance/cycles/page.tsx'
    Imported via '@/components/ui/button' from file 'D:/uni/Sem 5/SW project/Payroll-Subsystem/frontend/src/app/performance/disputes/page.tsx'
    Imported via '@/components/ui/button' from file 'D:/uni/Sem 5/SW project/Payroll-Subsystem/frontend/src/app/performance/records/[id]/page.tsx'
    Imported via '@/components/ui/button' from file 'D:/uni/Sem 5/SW project/Payroll-Subsystem/frontend/src/app/performance/templates/page.tsx'
    Imported via "@/components/ui/button" from file 'D:/uni/Sem 5/SW project/Payroll-Subsystem/frontend/src/app/profile/page 2.tsx'
    Imported via "@/components/ui/button" from file 'D:/uni/Sem 5/SW project/Payroll-Subsystem/frontend/src/app/profile/page.tsx'
    Imported via "@/components/ui/button" from file 'D:/uni/Sem 5/SW project/Payroll-Subsystem/frontend/src/app/profile/requests/page.tsx'
    Imported via "@/components/ui/button" from file 'D:/uni/Sem 5/SW project/Payroll-Subsystem/frontend/src/app/register/page 2.tsx'
    Imported via "@/components/ui/button" from file 'D:/uni/Sem 5/SW project/Payroll-Subsystem/frontend/src/app/register/page.tsx'
    Imported via "@/components/ui/button" from file 'D:/uni/Sem 5/SW project/Payroll-Subsystem/frontend/src/components/layout/app-shell 2.tsx'
    Imported via "@/components/ui/button" from file 'D:/uni/Sem 5/SW project/Payroll-Subsystem/frontend/src/components/org-chart/org-tree 2.tsx'
    Imported via './button' from file 'D:/uni/Sem 5/SW project/Payroll-Subsystem/frontend/src/components/ui/alert-dialog.tsx'
    Matched by include pattern '**/*.tsx' in 'D:/uni/Sem 5/SW project/Payroll-Subsystem/frontend/tsconfig.json'
src/lib/mock-payroll.ts(2,10): error TS2305: Module '"@/types/payroll-execution"' has no exported member 'PayrollCycle'.
